// Jest Snapshot v1, https://goo.gl/fbAQLP

exports[`updating change name is passed correct arguments 1`] = `
Object {
  "data": Object {
    "updateUserById": Object {
      "messages": Array [
        Object {
          "level": "info",
          "message": "Pre user update mutation; old name: Uzr Vun, user request: Zeb Zob",
          "path": Array [
            "input",
            "userPatch",
            "name",
          ],
        },
        Object {
          "level": "info",
          "message": "Post user update mutation; new name: Zeb Zob, user request: Zeb Zob",
          "path": Array [
            "input",
            "userPatch",
            "name",
          ],
        },
      ],
      "user": Object {
        "id": "[NUMBER]",
        "name": "Zeb Zob",
        "nodeId": "[NodeId]",
      },
    },
  },
}
`;
